../Core/Src/main.c:86:5:_write	24	static
../Core/Src/main.c:101:5:main	32	static
../Core/Src/main.c:235:6:SystemClock_Config	88	static
../Core/Src/main.c:290:13:MX_ADC1_Init	24	static
../Core/Src/main.c:342:13:MX_ADC2_Init	24	static
../Core/Src/main.c:394:13:MX_TIM2_Init	32	static
../Core/Src/main.c:439:13:MX_TIM3_Init	64	static
../Core/Src/main.c:498:13:MX_USART2_UART_Init	8	static
../Core/Src/main.c:529:13:MX_DMA_Init	16	static
../Core/Src/main.c:550:13:MX_GPIO_Init	48	static
../Core/Src/main.c:602:6:HAL_ADC_ConvCpltCallback	16	static
../Core/Src/main.c:628:6:Error_Handler	4	static,ignoring_inline_asm
